2026-09-05 13:47:27,605 INFO HTTP Request: GET http://localhost:8000/api/v1/bot-config/telegram/token "HTTP/1.1 200 OK"
2026-09-05 13:47:29,727 INFO HTTP Request: GET http://localhost:8000/api/v1/bot-config/telegram/token "HTTP/1.1 200 OK"
2026-09-05 13:47:29,745 INFO [telegram] bot process started (pid=18188)
2026-09-05 13:47:32,862 INFO HTTP Request: GET http://localhost:8000/api/v1/bot-config/telegram/token "HTTP/1.1 200 OK"
2026-09-05 13:47:34,966 INFO HTTP Request: POST http://localhost:8000/api/v1/bot-config/telegram/runtime "HTTP/1.1 200 OK"
INFO:httpx:HTTP Request: GET http://localhost:8000/api/v1/bot-config/telegram/token "HTTP/1.1 200 OK"
INFO:__main__:Telegram bot starting...
INFO:__main__:Telegram API reachable: @FaraPista_bot (id=8270254002)
INFO:__main__:Telegram webhook info: url='' pending_update_count=0
INFO:__main__:No webhook set (polling should receive all updates).
INFO:__main__:Webhook cleared (drop_pending_updates=True); polling is now the only update source.
INFO:aiogram.dispatcher:Start polling
INFO:aiogram.dispatcher:Run polling for bot @FaraPista_bot id=8270254002 - 'سیستم فروش شرکت عطر مایه پسته ایرانیان'
2026-09-05 13:47:52,032 INFO HTTP Request: GET http://localhost:8000/api/v1/bot-config/telegram/token "HTTP/1.1 200 OK"
2026-09-05 13:47:54,111 INFO HTTP Request: POST http://localhost:8000/api/v1/bot-config/telegram/runtime "HTTP/1.1 200 OK"
2026-09-05 13:48:11,186 INFO HTTP Request: GET http://localhost:8000/api/v1/bot-config/telegram/token "HTTP/1.1 200 OK"
2026-09-05 13:48:13,294 INFO HTTP Request: POST http://localhost:8000/api/v1/bot-config/telegram/runtime "HTTP/1.1 200 OK"
2026-09-05 13:48:30,372 INFO HTTP Request: GET http://localhost:8000/api/v1/bot-config/telegram/token "HTTP/1.1 200 OK"
2026-09-05 13:48:32,482 INFO HTTP Request: POST http://localhost:8000/api/v1/bot-config/telegram/runtime "HTTP/1.1 200 OK"
2026-09-05 13:48:49,629 INFO HTTP Request: GET http://localhost:8000/api/v1/bot-config/telegram/token "HTTP/1.1 200 OK"
2026-09-05 13:48:51,760 INFO HTTP Request: POST http://localhost:8000/api/v1/bot-config/telegram/runtime "HTTP/1.1 200 OK"
2026-09-05 13:49:08,860 INFO HTTP Request: GET http://localhost:8000/api/v1/bot-config/telegram/token "HTTP/1.1 200 OK"
2026-09-05 13:49:10,939 INFO HTTP Request: POST http://localhost:8000/api/v1/bot-config/telegram/runtime "HTTP/1.1 200 OK"
2026-09-05 13:49:28,776 INFO HTTP Request: GET http://localhost:8000/api/v1/bot-config/telegram/token "HTTP/1.1 200 OK"
2026-09-05 13:49:31,055 INFO HTTP Request: POST http://localhost:8000/api/v1/bot-config/telegram/runtime "HTTP/1.1 200 OK"
2026-09-05 13:49:48,165 INFO HTTP Request: GET http://localhost:8000/api/v1/bot-config/telegram/token "HTTP/1.1 200 OK"
2026-09-05 13:49:50,306 INFO HTTP Request: POST http://localhost:8000/api/v1/bot-config/telegram/runtime "HTTP/1.1 200 OK"
2026-09-05 13:50:07,441 INFO HTTP Request: GET http://localhost:8000/api/v1/bot-config/telegram/token "HTTP/1.1 200 OK"
2026-09-05 13:50:09,563 INFO HTTP Request: POST http://localhost:8000/api/v1/bot-config/telegram/runtime "HTTP/1.1 200 OK"
2026-09-05 13:50:26,718 INFO HTTP Request: GET http://localhost:8000/api/v1/bot-config/telegram/token "HTTP/1.1 200 OK"
2026-09-05 13:50:28,854 INFO HTTP Request: POST http://localhost:8000/api/v1/bot-config/telegram/runtime "HTTP/1.1 200 OK"
INFO:aiogram.event:Update id=791523768 is handled. Duration 1984 ms by bot id=8270254002
INFO:httpx:HTTP Request: POST http://localhost:8000/bot/verify-phone "HTTP/1.1 404 Not Found"
WARNING:__main__:Phone verification failed: Not Found
2026-09-05 13:50:45,962 INFO HTTP Request: GET http://localhost:8000/api/v1/bot-config/telegram/token "HTTP/1.1 200 OK"
INFO:aiogram.event:Update id=791523769 is handled. Duration 1375 ms by bot id=8270254002
2026-09-05 13:50:48,113 INFO HTTP Request: POST http://localhost:8000/api/v1/bot-config/telegram/runtime "HTTP/1.1 200 OK"
2026-09-05 13:51:05,231 INFO HTTP Request: GET http://localhost:8000/api/v1/bot-config/telegram/token "HTTP/1.1 200 OK"
2026-09-05 13:51:07,316 INFO HTTP Request: POST http://localhost:8000/api/v1/bot-config/telegram/runtime "HTTP/1.1 200 OK"
2026-09-05 13:51:24,478 INFO HTTP Request: GET http://localhost:8000/api/v1/bot-config/telegram/token "HTTP/1.1 200 OK"
2026-09-05 13:51:26,670 INFO HTTP Request: POST http://localhost:8000/api/v1/bot-config/telegram/runtime "HTTP/1.1 200 OK"
2026-09-05 13:51:43,791 INFO HTTP Request: GET http://localhost:8000/api/v1/bot-config/telegram/token "HTTP/1.1 200 OK"
2026-09-05 13:51:46,008 INFO HTTP Request: POST http://localhost:8000/api/v1/bot-config/telegram/runtime "HTTP/1.1 200 OK"
2026-09-05 13:52:03,121 INFO HTTP Request: GET http://localhost:8000/api/v1/bot-config/telegram/token "HTTP/1.1 200 OK"
2026-09-05 13:52:05,262 INFO HTTP Request: POST http://localhost:8000/api/v1/bot-config/telegram/runtime "HTTP/1.1 200 OK"
2026-09-05 13:52:22,364 INFO HTTP Request: GET http://localhost:8000/api/v1/bot-config/telegram/token "HTTP/1.1 200 OK"
2026-09-05 13:52:24,446 INFO HTTP Request: POST http://localhost:8000/api/v1/bot-config/telegram/runtime "HTTP/1.1 200 OK"
ERROR:aiogram.dispatcher:Failed to fetch updates - TelegramNetworkError: HTTP Client says - ServerDisconnectedError: Server disconnected
WARNING:aiogram.dispatcher:Sleep for 1.000000 seconds and try again... (tryings = 0, bot id = 8270254002)
2026-09-05 13:52:41,566 INFO HTTP Request: GET http://localhost:8000/api/v1/bot-config/telegram/token "HTTP/1.1 200 OK"
2026-09-05 13:52:43,687 INFO HTTP Request: POST http://localhost:8000/api/v1/bot-config/telegram/runtime "HTTP/1.1 200 OK"
INFO:aiogram.dispatcher:Connection established (tryings = 1, bot id = 8270254002)
2026-09-05 13:53:00,789 INFO HTTP Request: GET http://localhost:8000/api/v1/bot-config/telegram/token "HTTP/1.1 200 OK"
2026-09-05 13:53:02,910 INFO HTTP Request: POST http://localhost:8000/api/v1/bot-config/telegram/runtime "HTTP/1.1 200 OK"
2026-09-05 13:53:20,024 INFO HTTP Request: GET http://localhost:8000/api/v1/bot-config/telegram/token "HTTP/1.1 200 OK"
2026-09-05 13:53:22,118 INFO HTTP Request: POST http://localhost:8000/api/v1/bot-config/telegram/runtime "HTTP/1.1 200 OK"
2026-09-05 13:53:39,263 INFO HTTP Request: GET http://localhost:8000/api/v1/bot-config/telegram/token "HTTP/1.1 200 OK"
2026-09-05 13:53:41,388 INFO HTTP Request: POST http://localhost:8000/api/v1/bot-config/telegram/runtime "HTTP/1.1 200 OK"
2026-09-05 13:53:58,562 INFO HTTP Request: GET http://localhost:8000/api/v1/bot-config/telegram/token "HTTP/1.1 200 OK"
2026-09-05 13:54:00,670 INFO HTTP Request: POST http://localhost:8000/api/v1/bot-config/telegram/runtime "HTTP/1.1 200 OK"
2026-09-05 13:54:17,779 INFO HTTP Request: GET http://localhost:8000/api/v1/bot-config/telegram/token "HTTP/1.1 200 OK"
2026-09-05 13:54:19,899 INFO HTTP Request: POST http://localhost:8000/api/v1/bot-config/telegram/runtime "HTTP/1.1 200 OK"
2026-09-05 13:54:37,023 INFO HTTP Request: GET http://localhost:8000/api/v1/bot-config/telegram/token "HTTP/1.1 200 OK"
2026-09-05 13:54:39,177 INFO HTTP Request: POST http://localhost:8000/api/v1/bot-config/telegram/runtime "HTTP/1.1 200 OK"
2026-09-05 13:54:56,310 INFO HTTP Request: GET http://localhost:8000/api/v1/bot-config/telegram/token "HTTP/1.1 200 OK"
2026-09-05 13:54:58,400 INFO HTTP Request: POST http://localhost:8000/api/v1/bot-config/telegram/runtime "HTTP/1.1 200 OK"
2026-09-05 13:55:15,511 INFO HTTP Request: GET http://localhost:8000/api/v1/bot-config/telegram/token "HTTP/1.1 200 OK"
2026-09-05 13:55:17,635 INFO HTTP Request: POST http://localhost:8000/api/v1/bot-config/telegram/runtime "HTTP/1.1 200 OK"
2026-09-05 13:55:34,748 INFO HTTP Request: GET http://localhost:8000/api/v1/bot-config/telegram/token "HTTP/1.1 200 OK"
2026-09-05 13:55:36,855 INFO HTTP Request: POST http://localhost:8000/api/v1/bot-config/telegram/runtime "HTTP/1.1 200 OK"
ERROR:aiogram.dispatcher:Failed to fetch updates - TelegramNetworkError: HTTP Client says - ServerDisconnectedError: Server disconnected
WARNING:aiogram.dispatcher:Sleep for 1.000000 seconds and try again... (tryings = 0, bot id = 8270254002)
INFO:aiogram.dispatcher:Connection established (tryings = 1, bot id = 8270254002)
2026-09-05 13:55:54,419 INFO HTTP Request: GET http://localhost:8000/api/v1/bot-config/telegram/token "HTTP/1.1 200 OK"
2026-09-05 13:55:56,592 INFO HTTP Request: POST http://localhost:8000/api/v1/bot-config/telegram/runtime "HTTP/1.1 200 OK"
ERROR:aiogram.dispatcher:Failed to fetch updates - TelegramNetworkError: HTTP Client says - Request timeout error
WARNING:aiogram.dispatcher:Sleep for 1.000000 seconds and try again... (tryings = 0, bot id = 8270254002)
2026-09-05 16:56:13,984 INFO HTTP Request: GET http://localhost:8000/api/v1/bot-config/telegram/token "HTTP/1.1 200 OK"
ERROR:aiogram.dispatcher:Failed to fetch updates - TelegramNetworkError: HTTP Client says - ClientOSError: 
WARNING:aiogram.dispatcher:Sleep for 1.391926 seconds and try again... (tryings = 1, bot id = 8270254002)
ERROR:aiogram.dispatcher:Failed to fetch updates - TelegramNetworkError: HTTP Client says - ClientOSError: 
WARNING:aiogram.dispatcher:Sleep for 1.892107 seconds and try again... (tryings = 2, bot id = 8270254002)
2026-09-05 16:56:17,072 INFO HTTP Request: POST http://localhost:8000/api/v1/bot-config/telegram/runtime "HTTP/1.1 200 OK"
ERROR:aiogram.dispatcher:Failed to fetch updates - TelegramNetworkError: HTTP Client says - ClientOSError: 
WARNING:aiogram.dispatcher:Sleep for 2.423953 seconds and try again... (tryings = 3, bot id = 8270254002)
ERROR:aiogram.dispatcher:Failed to fetch updates - TelegramNetworkError: HTTP Client says - ClientOSError: 
WARNING:aiogram.dispatcher:Sleep for 3.185469 seconds and try again... (tryings = 4, bot id = 8270254002)
ERROR:aiogram.dispatcher:Failed to fetch updates - TelegramNetworkError: HTTP Client says - ClientOSError: 
WARNING:aiogram.dispatcher:Sleep for 4.023415 seconds and try again... (tryings = 5, bot id = 8270254002)
ERROR:aiogram.dispatcher:Failed to fetch updates - TelegramNetworkError: HTTP Client says - ClientOSError: 
WARNING:aiogram.dispatcher:Sleep for 4.855523 seconds and try again... (tryings = 6, bot id = 8270254002)
2026-09-06 07:44:10,719 INFO HTTP Request: GET http://localhost:8000/api/v1/bot-config/telegram/token "HTTP/1.1 200 OK"
ERROR:aiogram.dispatcher:Failed to fetch updates - TelegramNetworkError: HTTP Client says - ClientOSError: 
WARNING:aiogram.dispatcher:Sleep for 4.889408 seconds and try again... (tryings = 7, bot id = 8270254002)
2026-09-06 07:44:14,899 INFO HTTP Request: POST http://localhost:8000/api/v1/bot-config/telegram/runtime "HTTP/1.1 200 OK"
ERROR:aiogram.dispatcher:Failed to fetch updates - TelegramNetworkError: HTTP Client says - ClientOSError: 
WARNING:aiogram.dispatcher:Sleep for 5.058016 seconds and try again... (tryings = 8, bot id = 8270254002)
ERROR:aiogram.dispatcher:Failed to fetch updates - TelegramNetworkError: HTTP Client says - ClientOSError: 
WARNING:aiogram.dispatcher:Sleep for 5.027756 seconds and try again... (tryings = 9, bot id = 8270254002)
ERROR:aiogram.dispatcher:Failed to fetch updates - TelegramNetworkError: HTTP Client says - ClientOSError: 
WARNING:aiogram.dispatcher:Sleep for 5.015598 seconds and try again... (tryings = 10, bot id = 8270254002)
2026-09-06 07:44:32,333 INFO HTTP Request: GET http://localhost:8000/api/v1/bot-config/telegram/token "HTTP/1.1 200 OK"
ERROR:aiogram.dispatcher:Failed to fetch updates - TelegramNetworkError: HTTP Client says - ClientOSError: 
WARNING:aiogram.dispatcher:Sleep for 4.937198 seconds and try again... (tryings = 11, bot id = 8270254002)
2026-09-06 07:44:34,886 INFO HTTP Request: POST http://localhost:8000/api/v1/bot-config/telegram/runtime "HTTP/1.1 200 OK"
ERROR:aiogram.dispatcher:Failed to fetch updates - TelegramNetworkError: HTTP Client says - ClientOSError: 
WARNING:aiogram.dispatcher:Sleep for 4.958328 seconds and try again... (tryings = 12, bot id = 8270254002)
ERROR:aiogram.dispatcher:Failed to fetch updates - TelegramNetworkError: HTTP Client says - ClientOSError: 
WARNING:aiogram.dispatcher:Sleep for 5.024577 seconds and try again... (tryings = 13, bot id = 8270254002)
2026-09-06 07:44:52,520 INFO HTTP Request: GET http://localhost:8000/api/v1/bot-config/telegram/token "HTTP/1.1 200 OK"
2026-09-06 07:44:55,262 INFO HTTP Request: POST http://localhost:8000/api/v1/bot-config/telegram/runtime "HTTP/1.1 200 OK"
INFO:aiogram.dispatcher:Connection established (tryings = 14, bot id = 8270254002)
WARNING:__main__:Unhandled message: '/products' from 1932430152
INFO:aiogram.event:Update id=791523772 is handled. Duration 30 ms by bot id=8270254002
INFO:httpx:HTTP Request: POST http://localhost:8000/bot/verify-phone "HTTP/1.1 404 Not Found"
WARNING:__main__:Phone verification failed: Not Found
INFO:aiogram.event:Update id=791523770 is handled. Duration 2188 ms by bot id=8270254002
INFO:aiogram.event:Update id=791523771 is handled. Duration 2500 ms by bot id=8270254002
2026-09-06 07:45:13,032 INFO HTTP Request: GET http://localhost:8000/api/v1/bot-config/telegram/token "HTTP/1.1 200 OK"
2026-09-06 07:45:15,684 INFO HTTP Request: POST http://localhost:8000/api/v1/bot-config/telegram/runtime "HTTP/1.1 200 OK"
2026-09-06 07:45:33,132 INFO HTTP Request: GET http://localhost:8000/api/v1/bot-config/telegram/token "HTTP/1.1 200 OK"
2026-09-06 07:45:35,960 INFO HTTP Request: POST http://localhost:8000/api/v1/bot-config/telegram/runtime "HTTP/1.1 200 OK"
2026-09-06 07:45:53,369 INFO HTTP Request: GET http://localhost:8000/api/v1/bot-config/telegram/token "HTTP/1.1 200 OK"
2026-09-06 07:45:55,490 INFO HTTP Request: POST http://localhost:8000/api/v1/bot-config/telegram/runtime "HTTP/1.1 200 OK"
2026-09-06 07:46:12,626 INFO HTTP Request: GET http://localhost:8000/api/v1/bot-config/telegram/token "HTTP/1.1 200 OK"
2026-09-06 07:46:14,837 INFO HTTP Request: POST http://localhost:8000/api/v1/bot-config/telegram/runtime "HTTP/1.1 200 OK"
2026-09-06 07:46:31,973 INFO HTTP Request: GET http://localhost:8000/api/v1/bot-config/telegram/token "HTTP/1.1 200 OK"
2026-09-06 07:46:34,650 INFO HTTP Request: POST http://localhost:8000/api/v1/bot-config/telegram/runtime "HTTP/1.1 200 OK"
2026-09-06 07:46:51,868 INFO HTTP Request: GET http://localhost:8000/api/v1/bot-config/telegram/token "HTTP/1.1 200 OK"
2026-09-06 07:46:54,049 INFO HTTP Request: POST http://localhost:8000/api/v1/bot-config/telegram/runtime "HTTP/1.1 200 OK"
2026-09-06 07:47:11,420 INFO HTTP Request: GET http://localhost:8000/api/v1/bot-config/telegram/token "HTTP/1.1 200 OK"
2026-09-06 07:47:13,865 INFO HTTP Request: POST http://localhost:8000/api/v1/bot-config/telegram/runtime "HTTP/1.1 200 OK"
2026-09-06 07:47:31,025 INFO HTTP Request: GET http://localhost:8000/api/v1/bot-config/telegram/token "HTTP/1.1 200 OK"
2026-09-06 07:47:33,158 INFO HTTP Request: POST http://localhost:8000/api/v1/bot-config/telegram/runtime "HTTP/1.1 200 OK"
2026-09-06 07:47:50,581 INFO HTTP Request: GET http://localhost:8000/api/v1/bot-config/telegram/token "HTTP/1.1 200 OK"
2026-09-06 07:47:53,263 INFO HTTP Request: POST http://localhost:8000/api/v1/bot-config/telegram/runtime "HTTP/1.1 200 OK"
2026-09-06 07:48:10,395 INFO HTTP Request: GET http://localhost:8000/api/v1/bot-config/telegram/token "HTTP/1.1 200 OK"
2026-09-06 07:48:12,554 INFO HTTP Request: POST http://localhost:8000/api/v1/bot-config/telegram/runtime "HTTP/1.1 200 OK"
2026-09-06 07:48:29,718 INFO HTTP Request: GET http://localhost:8000/api/v1/bot-config/telegram/token "HTTP/1.1 200 OK"
2026-09-06 07:48:31,859 INFO HTTP Request: POST http://localhost:8000/api/v1/bot-config/telegram/runtime "HTTP/1.1 200 OK"
INFO:httpx:HTTP Request: POST http://localhost:8000/bot/verify-phone "HTTP/1.1 404 Not Found"
WARNING:__main__:Phone verification failed: Not Found
INFO:aiogram.event:Update id=791523773 is handled. Duration 1327 ms by bot id=8270254002
2026-09-06 07:48:48,990 INFO HTTP Request: GET http://localhost:8000/api/v1/bot-config/telegram/token "HTTP/1.1 200 OK"
2026-09-06 07:48:51,104 INFO HTTP Request: POST http://localhost:8000/api/v1/bot-config/telegram/runtime "HTTP/1.1 200 OK"
2026-09-06 07:49:08,296 INFO HTTP Request: GET http://localhost:8000/api/v1/bot-config/telegram/token "HTTP/1.1 200 OK"
2026-09-06 07:49:10,529 INFO HTTP Request: POST http://localhost:8000/api/v1/bot-config/telegram/runtime "HTTP/1.1 200 OK"
ERROR:aiogram.dispatcher:Failed to fetch updates - TelegramNetworkError: HTTP Client says - ServerDisconnectedError: Server disconnected
WARNING:aiogram.dispatcher:Sleep for 1.000000 seconds and try again... (tryings = 0, bot id = 8270254002)
ERROR:aiogram.dispatcher:Failed to fetch updates - TelegramNetworkError: HTTP Client says - ClientOSError: 
WARNING:aiogram.dispatcher:Sleep for 1.265621 seconds and try again... (tryings = 1, bot id = 8270254002)
ERROR:aiogram.dispatcher:Failed to fetch updates - TelegramNetworkError: HTTP Client says - ClientOSError: 
WARNING:aiogram.dispatcher:Sleep for 1.797903 seconds and try again... (tryings = 2, bot id = 8270254002)
ERROR:aiogram.dispatcher:Failed to fetch updates - TelegramNetworkError: HTTP Client says - ClientOSError: 
WARNING:aiogram.dispatcher:Sleep for 2.509489 seconds and try again... (tryings = 3, bot id = 8270254002)
ERROR:aiogram.dispatcher:Failed to fetch updates - TelegramNetworkError: HTTP Client says - ClientOSError: 
WARNING:aiogram.dispatcher:Sleep for 3.073266 seconds and try again... (tryings = 4, bot id = 8270254002)
ERROR:aiogram.dispatcher:Failed to fetch updates - TelegramNetworkError: HTTP Client says - ClientOSError: 
WARNING:aiogram.dispatcher:Sleep for 4.101387 seconds and try again... (tryings = 5, bot id = 8270254002)
2026-09-06 07:49:27,717 INFO HTTP Request: GET http://localhost:8000/api/v1/bot-config/telegram/token "HTTP/1.1 200 OK"
2026-09-06 07:49:30,567 INFO HTTP Request: POST http://localhost:8000/api/v1/bot-config/telegram/runtime "HTTP/1.1 200 OK"
INFO:aiogram.dispatcher:Connection established (tryings = 6, bot id = 8270254002)
2026-09-06 07:49:48,241 INFO HTTP Request: GET http://localhost:8000/api/v1/bot-config/telegram/token "HTTP/1.1 200 OK"
2026-09-06 07:49:51,127 INFO HTTP Request: POST http://localhost:8000/api/v1/bot-config/telegram/runtime "HTTP/1.1 200 OK"
2026-09-06 07:50:08,213 INFO HTTP Request: GET http://localhost:8000/api/v1/bot-config/telegram/token "HTTP/1.1 200 OK"
2026-09-06 07:50:10,314 INFO HTTP Request: POST http://localhost:8000/api/v1/bot-config/telegram/runtime "HTTP/1.1 200 OK"
2026-09-06 07:50:27,606 INFO HTTP Request: GET http://localhost:8000/api/v1/bot-config/telegram/token "HTTP/1.1 200 OK"
2026-09-06 07:50:29,876 INFO HTTP Request: POST http://localhost:8000/api/v1/bot-config/telegram/runtime "HTTP/1.1 200 OK"
2026-09-06 07:50:46,991 INFO HTTP Request: GET http://localhost:8000/api/v1/bot-config/telegram/token "HTTP/1.1 200 OK"
2026-09-06 07:50:49,110 INFO HTTP Request: POST http://localhost:8000/api/v1/bot-config/telegram/runtime "HTTP/1.1 200 OK"
2026-09-06 07:51:06,223 INFO HTTP Request: GET http://localhost:8000/api/v1/bot-config/telegram/token "HTTP/1.1 200 OK"
2026-09-06 07:51:08,296 INFO HTTP Request: POST http://localhost:8000/api/v1/bot-config/telegram/runtime "HTTP/1.1 200 OK"
2026-09-06 07:51:25,370 INFO HTTP Request: GET http://localhost:8000/api/v1/bot-config/telegram/token "HTTP/1.1 200 OK"
2026-09-06 07:51:27,466 INFO HTTP Request: POST http://localhost:8000/api/v1/bot-config/telegram/runtime "HTTP/1.1 200 OK"
2026-09-06 07:51:44,557 INFO HTTP Request: GET http://localhost:8000/api/v1/bot-config/telegram/token "HTTP/1.1 200 OK"
2026-09-06 07:51:46,990 INFO HTTP Request: POST http://localhost:8000/api/v1/bot-config/telegram/runtime "HTTP/1.1 200 OK"
2026-09-06 07:52:04,682 INFO HTTP Request: GET http://localhost:8000/api/v1/bot-config/telegram/token "HTTP/1.1 200 OK"
2026-09-06 07:52:07,058 INFO HTTP Request: POST http://localhost:8000/api/v1/bot-config/telegram/runtime "HTTP/1.1 200 OK"
2026-09-06 07:52:24,840 INFO HTTP Request: GET http://localhost:8000/api/v1/bot-config/telegram/token "HTTP/1.1 200 OK"
2026-09-06 07:52:27,750 INFO HTTP Request: POST http://localhost:8000/api/v1/bot-config/telegram/runtime "HTTP/1.1 200 OK"
2026-09-06 07:52:44,976 INFO HTTP Request: GET http://localhost:8000/api/v1/bot-config/telegram/token "HTTP/1.1 200 OK"
2026-09-06 07:52:47,091 INFO HTTP Request: POST http://localhost:8000/api/v1/bot-config/telegram/runtime "HTTP/1.1 200 OK"
2026-09-06 07:53:04,729 INFO HTTP Request: GET http://localhost:8000/api/v1/bot-config/telegram/token "HTTP/1.1 200 OK"
2026-09-06 07:53:07,288 INFO HTTP Request: POST http://localhost:8000/api/v1/bot-config/telegram/runtime "HTTP/1.1 200 OK"
2026-09-06 07:53:24,412 INFO HTTP Request: GET http://localhost:8000/api/v1/bot-config/telegram/token "HTTP/1.1 200 OK"
2026-09-06 07:53:26,536 INFO HTTP Request: POST http://localhost:8000/api/v1/bot-config/telegram/runtime "HTTP/1.1 200 OK"
2026-09-06 07:53:43,652 INFO HTTP Request: GET http://localhost:8000/api/v1/bot-config/telegram/token "HTTP/1.1 200 OK"
2026-09-06 07:53:45,784 INFO HTTP Request: POST http://localhost:8000/api/v1/bot-config/telegram/runtime "HTTP/1.1 200 OK"
2026-09-06 07:54:02,884 INFO HTTP Request: GET http://localhost:8000/api/v1/bot-config/telegram/token "HTTP/1.1 200 OK"
2026-09-06 07:54:04,975 INFO HTTP Request: POST http://localhost:8000/api/v1/bot-config/telegram/runtime "HTTP/1.1 200 OK"
2026-09-06 07:54:22,060 INFO HTTP Request: GET http://localhost:8000/api/v1/bot-config/telegram/token "HTTP/1.1 200 OK"
2026-09-06 07:54:24,178 INFO HTTP Request: POST http://localhost:8000/api/v1/bot-config/telegram/runtime "HTTP/1.1 200 OK"
ERROR:aiogram.dispatcher:Failed to fetch updates - TelegramNetworkError: HTTP Client says - ServerDisconnectedError: Server disconnected
WARNING:aiogram.dispatcher:Sleep for 1.000000 seconds and try again... (tryings = 0, bot id = 8270254002)
2026-09-06 07:54:41,298 INFO HTTP Request: GET http://localhost:8000/api/v1/bot-config/telegram/token "HTTP/1.1 200 OK"
2026-09-06 07:54:43,392 INFO HTTP Request: POST http://localhost:8000/api/v1/bot-config/telegram/runtime "HTTP/1.1 200 OK"
INFO:aiogram.dispatcher:Connection established (tryings = 1, bot id = 8270254002)
2026-09-06 07:55:00,839 INFO HTTP Request: GET http://localhost:8000/api/v1/bot-config/telegram/token "HTTP/1.1 200 OK"
2026-09-06 07:55:04,098 INFO HTTP Request: POST http://localhost:8000/api/v1/bot-config/telegram/runtime "HTTP/1.1 200 OK"
2026-09-06 07:55:21,201 INFO HTTP Request: GET http://localhost:8000/api/v1/bot-config/telegram/token "HTTP/1.1 200 OK"
2026-09-06 07:55:23,283 INFO HTTP Request: POST http://localhost:8000/api/v1/bot-config/telegram/runtime "HTTP/1.1 200 OK"
2026-09-06 07:55:40,414 INFO HTTP Request: GET http://localhost:8000/api/v1/bot-config/telegram/token "HTTP/1.1 200 OK"
2026-09-06 07:55:42,523 INFO HTTP Request: POST http://localhost:8000/api/v1/bot-config/telegram/runtime "HTTP/1.1 200 OK"
2026-09-06 07:55:59,654 INFO HTTP Request: GET http://localhost:8000/api/v1/bot-config/telegram/token "HTTP/1.1 200 OK"
2026-09-06 07:56:01,802 INFO HTTP Request: POST http://localhost:8000/api/v1/bot-config/telegram/runtime "HTTP/1.1 200 OK"
2026-09-06 07:56:18,949 INFO HTTP Request: GET http://localhost:8000/api/v1/bot-config/telegram/token "HTTP/1.1 200 OK"
2026-09-06 07:56:21,054 INFO HTTP Request: POST http://localhost:8000/api/v1/bot-config/telegram/runtime "HTTP/1.1 200 OK"
2026-09-06 07:56:38,215 INFO HTTP Request: GET http://localhost:8000/api/v1/bot-config/telegram/token "HTTP/1.1 200 OK"
2026-09-06 07:56:40,351 INFO HTTP Request: POST http://localhost:8000/api/v1/bot-config/telegram/runtime "HTTP/1.1 200 OK"
2026-09-06 07:56:57,476 INFO HTTP Request: GET http://localhost:8000/api/v1/bot-config/telegram/token "HTTP/1.1 200 OK"
2026-09-06 07:56:59,567 INFO HTTP Request: POST http://localhost:8000/api/v1/bot-config/telegram/runtime "HTTP/1.1 200 OK"
2026-09-06 07:57:16,726 INFO HTTP Request: GET http://localhost:8000/api/v1/bot-config/telegram/token "HTTP/1.1 200 OK"
2026-09-06 07:57:18,866 INFO HTTP Request: POST http://localhost:8000/api/v1/bot-config/telegram/runtime "HTTP/1.1 200 OK"
2026-09-06 07:57:35,977 INFO HTTP Request: GET http://localhost:8000/api/v1/bot-config/telegram/token "HTTP/1.1 200 OK"
2026-09-06 07:57:38,271 INFO HTTP Request: POST http://localhost:8000/api/v1/bot-config/telegram/runtime "HTTP/1.1 200 OK"
2026-09-06 07:57:55,440 INFO HTTP Request: GET http://localhost:8000/api/v1/bot-config/telegram/token "HTTP/1.1 200 OK"
2026-09-06 07:57:57,516 INFO HTTP Request: POST http://localhost:8000/api/v1/bot-config/telegram/runtime "HTTP/1.1 200 OK"
2026-09-06 07:58:14,640 INFO HTTP Request: GET http://localhost:8000/api/v1/bot-config/telegram/token "HTTP/1.1 200 OK"
2026-09-06 07:58:16,762 INFO HTTP Request: POST http://localhost:8000/api/v1/bot-config/telegram/runtime "HTTP/1.1 200 OK"
2026-09-06 07:58:33,862 INFO HTTP Request: GET http://localhost:8000/api/v1/bot-config/telegram/token "HTTP/1.1 200 OK"
2026-09-06 07:58:35,992 INFO HTTP Request: POST http://localhost:8000/api/v1/bot-config/telegram/runtime "HTTP/1.1 200 OK"
2026-09-06 07:58:53,139 INFO HTTP Request: GET http://localhost:8000/api/v1/bot-config/telegram/token "HTTP/1.1 200 OK"
2026-09-06 07:58:55,325 INFO HTTP Request: POST http://localhost:8000/api/v1/bot-config/telegram/runtime "HTTP/1.1 200 OK"
2026-09-06 07:59:12,423 INFO HTTP Request: GET http://localhost:8000/api/v1/bot-config/telegram/token "HTTP/1.1 200 OK"
2026-09-06 07:59:14,503 INFO HTTP Request: POST http://localhost:8000/api/v1/bot-config/telegram/runtime "HTTP/1.1 200 OK"
2026-09-06 07:59:31,621 INFO HTTP Request: GET http://localhost:8000/api/v1/bot-config/telegram/token "HTTP/1.1 200 OK"
2026-09-06 07:59:33,728 INFO HTTP Request: POST http://localhost:8000/api/v1/bot-config/telegram/runtime "HTTP/1.1 200 OK"
ERROR:aiogram.dispatcher:Failed to fetch updates - TelegramNetworkError: HTTP Client says - ServerDisconnectedError: Server disconnected
WARNING:aiogram.dispatcher:Sleep for 1.000000 seconds and try again... (tryings = 0, bot id = 8270254002)
INFO:aiogram.dispatcher:Connection established (tryings = 1, bot id = 8270254002)
2026-09-06 07:59:50,829 INFO HTTP Request: GET http://localhost:8000/api/v1/bot-config/telegram/token "HTTP/1.1 200 OK"
2026-09-06 07:59:52,940 INFO HTTP Request: POST http://localhost:8000/api/v1/bot-config/telegram/runtime "HTTP/1.1 200 OK"
2026-09-06 08:00:10,080 INFO HTTP Request: GET http://localhost:8000/api/v1/bot-config/telegram/token "HTTP/1.1 200 OK"
2026-09-06 08:00:12,270 INFO HTTP Request: POST http://localhost:8000/api/v1/bot-config/telegram/runtime "HTTP/1.1 200 OK"
2026-09-06 08:00:29,395 INFO HTTP Request: GET http://localhost:8000/api/v1/bot-config/telegram/token "HTTP/1.1 200 OK"
2026-09-06 08:00:31,473 INFO HTTP Request: POST http://localhost:8000/api/v1/bot-config/telegram/runtime "HTTP/1.1 200 OK"
2026-09-06 08:00:48,622 INFO HTTP Request: GET http://localhost:8000/api/v1/bot-config/telegram/token "HTTP/1.1 200 OK"
2026-09-06 08:00:50,762 INFO HTTP Request: POST http://localhost:8000/api/v1/bot-config/telegram/runtime "HTTP/1.1 200 OK"
INFO:httpx:HTTP Request: POST http://localhost:8000/bot/verify-phone "HTTP/1.1 404 Not Found"
WARNING:__main__:Phone verification failed: Not Found
INFO:aiogram.event:Update id=791523774 is handled. Duration 2062 ms by bot id=8270254002
2026-09-06 08:01:07,855 INFO HTTP Request: GET http://localhost:8000/api/v1/bot-config/telegram/token "HTTP/1.1 200 OK"
2026-09-06 08:01:09,992 INFO HTTP Request: POST http://localhost:8000/api/v1/bot-config/telegram/runtime "HTTP/1.1 200 OK"
WARNING:__main__:Unhandled message: '/products' from 1932430152
INFO:aiogram.event:Update id=791523775 is handled. Duration 16 ms by bot id=8270254002
2026-09-06 08:01:27,089 INFO HTTP Request: GET http://localhost:8000/api/v1/bot-config/telegram/token "HTTP/1.1 200 OK"
2026-09-06 08:01:29,174 INFO HTTP Request: POST http://localhost:8000/api/v1/bot-config/telegram/runtime "HTTP/1.1 200 OK"
2026-09-06 08:01:46,303 INFO HTTP Request: GET http://localhost:8000/api/v1/bot-config/telegram/token "HTTP/1.1 200 OK"
2026-09-06 08:01:48,464 INFO HTTP Request: POST http://localhost:8000/api/v1/bot-config/telegram/runtime "HTTP/1.1 200 OK"
2026-09-06 08:02:05,602 INFO HTTP Request: GET http://localhost:8000/api/v1/bot-config/telegram/token "HTTP/1.1 200 OK"
2026-09-06 08:02:07,801 INFO HTTP Request: POST http://localhost:8000/api/v1/bot-config/telegram/runtime "HTTP/1.1 200 OK"
2026-09-06 08:02:24,924 INFO HTTP Request: GET http://localhost:8000/api/v1/bot-config/telegram/token "HTTP/1.1 200 OK"
2026-09-06 08:02:27,052 INFO HTTP Request: POST http://localhost:8000/api/v1/bot-config/telegram/runtime "HTTP/1.1 200 OK"
2026-09-06 08:02:44,214 INFO HTTP Request: GET http://localhost:8000/api/v1/bot-config/telegram/token "HTTP/1.1 200 OK"
2026-09-06 08:02:46,324 INFO HTTP Request: POST http://localhost:8000/api/v1/bot-config/telegram/runtime "HTTP/1.1 200 OK"
2026-09-06 08:03:03,501 INFO HTTP Request: GET http://localhost:8000/api/v1/bot-config/telegram/token "HTTP/1.1 200 OK"
2026-09-06 08:03:05,713 INFO HTTP Request: POST http://localhost:8000/api/v1/bot-config/telegram/runtime "HTTP/1.1 200 OK"
2026-09-06 08:03:22,811 INFO HTTP Request: GET http://localhost:8000/api/v1/bot-config/telegram/token "HTTP/1.1 200 OK"
2026-09-06 08:03:24,920 INFO HTTP Request: POST http://localhost:8000/api/v1/bot-config/telegram/runtime "HTTP/1.1 200 OK"
2026-09-06 08:03:42,032 INFO HTTP Request: GET http://localhost:8000/api/v1/bot-config/telegram/token "HTTP/1.1 200 OK"
2026-09-06 08:03:44,184 INFO HTTP Request: POST http://localhost:8000/api/v1/bot-config/telegram/runtime "HTTP/1.1 200 OK"
2026-09-06 08:04:01,297 INFO HTTP Request: GET http://localhost:8000/api/v1/bot-config/telegram/token "HTTP/1.1 200 OK"
2026-09-06 08:04:03,410 INFO HTTP Request: POST http://localhost:8000/api/v1/bot-config/telegram/runtime "HTTP/1.1 200 OK"
2026-09-06 08:04:20,515 INFO HTTP Request: GET http://localhost:8000/api/v1/bot-config/telegram/token "HTTP/1.1 200 OK"
2026-09-06 08:04:22,645 INFO HTTP Request: POST http://localhost:8000/api/v1/bot-config/telegram/runtime "HTTP/1.1 200 OK"
ERROR:aiogram.dispatcher:Failed to fetch updates - TelegramNetworkError: HTTP Client says - ServerDisconnectedError: Server disconnected
WARNING:aiogram.dispatcher:Sleep for 1.000000 seconds and try again... (tryings = 0, bot id = 8270254002)
2026-09-06 08:04:39,755 INFO HTTP Request: GET http://localhost:8000/api/v1/bot-config/telegram/token "HTTP/1.1 200 OK"
2026-09-06 08:04:41,869 INFO HTTP Request: POST http://localhost:8000/api/v1/bot-config/telegram/runtime "HTTP/1.1 200 OK"
INFO:aiogram.dispatcher:Connection established (tryings = 1, bot id = 8270254002)
2026-09-06 08:04:59,069 INFO HTTP Request: GET http://localhost:8000/api/v1/bot-config/telegram/token "HTTP/1.1 200 OK"
2026-09-06 08:05:01,247 INFO HTTP Request: POST http://localhost:8000/api/v1/bot-config/telegram/runtime "HTTP/1.1 200 OK"
2026-09-06 08:05:18,361 INFO HTTP Request: GET http://localhost:8000/api/v1/bot-config/telegram/token "HTTP/1.1 200 OK"
2026-09-06 08:05:20,468 INFO HTTP Request: POST http://localhost:8000/api/v1/bot-config/telegram/runtime "HTTP/1.1 200 OK"
2026-09-06 08:05:37,558 INFO HTTP Request: GET http://localhost:8000/api/v1/bot-config/telegram/token "HTTP/1.1 200 OK"
2026-09-06 08:05:39,655 INFO HTTP Request: POST http://localhost:8000/api/v1/bot-config/telegram/runtime "HTTP/1.1 200 OK"
2026-09-06 08:05:56,767 INFO HTTP Request: GET http://localhost:8000/api/v1/bot-config/telegram/token "HTTP/1.1 200 OK"
2026-09-06 08:05:58,871 INFO HTTP Request: POST http://localhost:8000/api/v1/bot-config/telegram/runtime "HTTP/1.1 200 OK"
ERROR:aiogram.dispatcher:Failed to fetch updates - TelegramNetworkError: HTTP Client says - ServerDisconnectedError: Server disconnected
WARNING:aiogram.dispatcher:Sleep for 1.000000 seconds and try again... (tryings = 0, bot id = 8270254002)
INFO:aiogram.dispatcher:Connection established (tryings = 1, bot id = 8270254002)
2026-09-06 08:06:15,979 INFO HTTP Request: GET http://localhost:8000/api/v1/bot-config/telegram/token "HTTP/1.1 200 OK"
2026-09-06 08:06:18,109 INFO HTTP Request: POST http://localhost:8000/api/v1/bot-config/telegram/runtime "HTTP/1.1 200 OK"
2026-09-06 08:06:35,270 INFO HTTP Request: GET http://localhost:8000/api/v1/bot-config/telegram/token "HTTP/1.1 200 OK"
2026-09-06 08:06:37,363 INFO HTTP Request: POST http://localhost:8000/api/v1/bot-config/telegram/runtime "HTTP/1.1 200 OK"
2026-09-06 08:06:54,486 INFO HTTP Request: GET http://localhost:8000/api/v1/bot-config/telegram/token "HTTP/1.1 200 OK"
2026-09-06 08:06:56,635 INFO HTTP Request: POST http://localhost:8000/api/v1/bot-config/telegram/runtime "HTTP/1.1 200 OK"
2026-09-06 08:07:13,753 INFO HTTP Request: GET http://localhost:8000/api/v1/bot-config/telegram/token "HTTP/1.1 200 OK"
2026-09-06 08:07:16,485 INFO HTTP Request: POST http://localhost:8000/api/v1/bot-config/telegram/runtime "HTTP/1.1 200 OK"
2026-09-06 08:07:33,580 INFO HTTP Request: GET http://localhost:8000/api/v1/bot-config/telegram/token "HTTP/1.1 200 OK"
2026-09-06 08:07:35,680 INFO HTTP Request: POST http://localhost:8000/api/v1/bot-config/telegram/runtime "HTTP/1.1 200 OK"
2026-09-06 08:07:52,832 INFO HTTP Request: GET http://localhost:8000/api/v1/bot-config/telegram/token "HTTP/1.1 200 OK"
2026-09-06 08:07:54,957 INFO HTTP Request: POST http://localhost:8000/api/v1/bot-config/telegram/runtime "HTTP/1.1 200 OK"
INFO:httpx:HTTP Request: POST http://localhost:8000/bot/verify-phone "HTTP/1.1 404 Not Found"
WARNING:__main__:Phone verification failed: Not Found
INFO:aiogram.event:Update id=791523776 is handled. Duration 1891 ms by bot id=8270254002
2026-09-06 08:08:12,078 INFO HTTP Request: GET http://localhost:8000/api/v1/bot-config/telegram/token "HTTP/1.1 200 OK"
2026-09-06 08:08:14,216 INFO HTTP Request: POST http://localhost:8000/api/v1/bot-config/telegram/runtime "HTTP/1.1 200 OK"
2026-09-06 08:08:31,315 INFO HTTP Request: GET http://localhost:8000/api/v1/bot-config/telegram/token "HTTP/1.1 200 OK"
2026-09-06 08:08:33,414 INFO HTTP Request: POST http://localhost:8000/api/v1/bot-config/telegram/runtime "HTTP/1.1 200 OK"
2026-09-06 08:08:50,521 INFO HTTP Request: GET http://localhost:8000/api/v1/bot-config/telegram/token "HTTP/1.1 200 OK"
2026-09-06 08:08:52,611 INFO HTTP Request: POST http://localhost:8000/api/v1/bot-config/telegram/runtime "HTTP/1.1 200 OK"
2026-09-06 08:09:09,736 INFO HTTP Request: GET http://localhost:8000/api/v1/bot-config/telegram/token "HTTP/1.1 200 OK"
2026-09-06 08:09:12,115 INFO HTTP Request: POST http://localhost:8000/api/v1/bot-config/telegram/runtime "HTTP/1.1 200 OK"
2026-09-06 08:09:29,240 INFO HTTP Request: GET http://localhost:8000/api/v1/bot-config/telegram/token "HTTP/1.1 200 OK"
2026-09-06 08:09:31,351 INFO HTTP Request: POST http://localhost:8000/api/v1/bot-config/telegram/runtime "HTTP/1.1 200 OK"
2026-09-06 08:09:48,540 INFO HTTP Request: GET http://localhost:8000/api/v1/bot-config/telegram/token "HTTP/1.1 200 OK"
2026-09-06 08:09:50,634 INFO HTTP Request: POST http://localhost:8000/api/v1/bot-config/telegram/runtime "HTTP/1.1 200 OK"
2026-09-06 08:10:08,728 INFO HTTP Request: GET http://localhost:8000/api/v1/bot-config/telegram/token "HTTP/1.1 200 OK"
2026-09-06 08:10:10,953 INFO HTTP Request: POST http://localhost:8000/api/v1/bot-config/telegram/runtime "HTTP/1.1 200 OK"
2026-09-06 08:10:28,067 INFO HTTP Request: GET http://localhost:8000/api/v1/bot-config/telegram/token "HTTP/1.1 200 OK"
2026-09-06 08:10:30,226 INFO HTTP Request: POST http://localhost:8000/api/v1/bot-config/telegram/runtime "HTTP/1.1 200 OK"
2026-09-06 08:10:47,324 INFO HTTP Request: GET http://localhost:8000/api/v1/bot-config/telegram/token "HTTP/1.1 200 OK"
2026-09-06 08:10:49,414 INFO HTTP Request: POST http://localhost:8000/api/v1/bot-config/telegram/runtime "HTTP/1.1 200 OK"
ERROR:aiogram.dispatcher:Failed to fetch updates - TelegramNetworkError: HTTP Client says - ServerDisconnectedError: Server disconnected
WARNING:aiogram.dispatcher:Sleep for 1.000000 seconds and try again... (tryings = 0, bot id = 8270254002)
2026-09-06 08:11:06,542 INFO HTTP Request: GET http://localhost:8000/api/v1/bot-config/telegram/token "HTTP/1.1 200 OK"
2026-09-06 08:11:08,678 INFO HTTP Request: POST http://localhost:8000/api/v1/bot-config/telegram/runtime "HTTP/1.1 200 OK"
INFO:aiogram.dispatcher:Connection established (tryings = 1, bot id = 8270254002)
2026-09-06 08:11:25,881 INFO HTTP Request: GET http://localhost:8000/api/v1/bot-config/telegram/token "HTTP/1.1 200 OK"
2026-09-06 08:11:27,963 INFO HTTP Request: POST http://localhost:8000/api/v1/bot-config/telegram/runtime "HTTP/1.1 200 OK"
2026-09-06 08:11:45,084 INFO HTTP Request: GET http://localhost:8000/api/v1/bot-config/telegram/token "HTTP/1.1 200 OK"
2026-09-06 08:11:47,161 INFO HTTP Request: POST http://localhost:8000/api/v1/bot-config/telegram/runtime "HTTP/1.1 200 OK"
2026-09-06 08:12:04,283 INFO HTTP Request: GET http://localhost:8000/api/v1/bot-config/telegram/token "HTTP/1.1 200 OK"
2026-09-06 08:12:06,408 INFO HTTP Request: POST http://localhost:8000/api/v1/bot-config/telegram/runtime "HTTP/1.1 200 OK"
2026-09-06 08:12:23,546 INFO HTTP Request: GET http://localhost:8000/api/v1/bot-config/telegram/token "HTTP/1.1 200 OK"
2026-09-06 08:12:25,658 INFO HTTP Request: POST http://localhost:8000/api/v1/bot-config/telegram/runtime "HTTP/1.1 200 OK"
2026-09-06 08:12:42,773 INFO HTTP Request: GET http://localhost:8000/api/v1/bot-config/telegram/token "HTTP/1.1 200 OK"
2026-09-06 08:12:44,888 INFO HTTP Request: POST http://localhost:8000/api/v1/bot-config/telegram/runtime "HTTP/1.1 200 OK"
ERROR:aiogram.dispatcher:Failed to fetch updates - TelegramNetworkError: HTTP Client says - ServerDisconnectedError: Server disconnected
WARNING:aiogram.dispatcher:Sleep for 1.000000 seconds and try again... (tryings = 0, bot id = 8270254002)
2026-09-06 08:13:02,038 INFO HTTP Request: GET http://localhost:8000/api/v1/bot-config/telegram/token "HTTP/1.1 200 OK"
2026-09-06 08:13:04,141 INFO HTTP Request: POST http://localhost:8000/api/v1/bot-config/telegram/runtime "HTTP/1.1 200 OK"
INFO:aiogram.dispatcher:Connection established (tryings = 1, bot id = 8270254002)
2026-09-06 08:13:21,261 INFO HTTP Request: GET http://localhost:8000/api/v1/bot-config/telegram/token "HTTP/1.1 200 OK"
2026-09-06 08:13:23,358 INFO HTTP Request: POST http://localhost:8000/api/v1/bot-config/telegram/runtime "HTTP/1.1 200 OK"
2026-09-06 08:13:40,436 INFO HTTP Request: GET http://localhost:8000/api/v1/bot-config/telegram/token "HTTP/1.1 200 OK"
2026-09-06 08:13:42,651 INFO HTTP Request: POST http://localhost:8000/api/v1/bot-config/telegram/runtime "HTTP/1.1 200 OK"
2026-09-06 08:13:59,759 INFO HTTP Request: GET http://localhost:8000/api/v1/bot-config/telegram/token "HTTP/1.1 200 OK"
2026-09-06 08:14:01,893 INFO HTTP Request: POST http://localhost:8000/api/v1/bot-config/telegram/runtime "HTTP/1.1 200 OK"
2026-09-06 08:14:19,003 INFO HTTP Request: GET http://localhost:8000/api/v1/bot-config/telegram/token "HTTP/1.1 200 OK"
2026-09-06 08:14:21,098 INFO HTTP Request: POST http://localhost:8000/api/v1/bot-config/telegram/runtime "HTTP/1.1 200 OK"
ERROR:aiogram.dispatcher:Failed to fetch updates - TelegramConflictError: Telegram server says - Conflict: terminated by other getUpdates request; make sure that only one bot instance is running
WARNING:aiogram.dispatcher:Sleep for 1.000000 seconds and try again... (tryings = 0, bot id = 8270254002)
2026-09-06 08:14:38,203 INFO HTTP Request: GET http://localhost:8000/api/v1/bot-config/telegram/token "HTTP/1.1 200 OK"
2026-09-06 08:14:40,301 INFO HTTP Request: POST http://localhost:8000/api/v1/bot-config/telegram/runtime "HTTP/1.1 200 OK"
ERROR:aiogram.dispatcher:Failed to fetch updates - TelegramConflictError: Telegram server says - Conflict: terminated by other getUpdates request; make sure that only one bot instance is running
WARNING:aiogram.dispatcher:Sleep for 1.299876 seconds and try again... (tryings = 1, bot id = 8270254002)
ERROR:aiogram.dispatcher:Failed to fetch updates - TelegramConflictError: Telegram server says - Conflict: terminated by other getUpdates request; make sure that only one bot instance is running
WARNING:aiogram.dispatcher:Sleep for 1.807728 seconds and try again... (tryings = 2, bot id = 8270254002)
2026-09-06 08:14:57,406 INFO HTTP Request: GET http://localhost:8000/api/v1/bot-config/telegram/token "HTTP/1.1 200 OK"
ERROR:aiogram.dispatcher:Failed to fetch updates - TelegramConflictError: Telegram server says - Conflict: terminated by other getUpdates request; make sure that only one bot instance is running
WARNING:aiogram.dispatcher:Sleep for 2.427640 seconds and try again... (tryings = 3, bot id = 8270254002)
2026-09-06 08:14:59,490 INFO HTTP Request: POST http://localhost:8000/api/v1/bot-config/telegram/runtime "HTTP/1.1 200 OK"
ERROR:aiogram.dispatcher:Failed to fetch updates - TelegramConflictError: Telegram server says - Conflict: terminated by other getUpdates request; make sure that only one bot instance is running
WARNING:aiogram.dispatcher:Sleep for 3.328958 seconds and try again... (tryings = 4, bot id = 8270254002)
ERROR:aiogram.dispatcher:Failed to fetch updates - TelegramConflictError: Telegram server says - Conflict: terminated by other getUpdates request; make sure that only one bot instance is running
WARNING:aiogram.dispatcher:Sleep for 4.410097 seconds and try again... (tryings = 5, bot id = 8270254002)
2026-09-06 08:15:16,606 INFO HTTP Request: GET http://localhost:8000/api/v1/bot-config/telegram/token "HTTP/1.1 200 OK"
2026-09-06 08:15:18,733 INFO HTTP Request: POST http://localhost:8000/api/v1/bot-config/telegram/runtime "HTTP/1.1 200 OK"
ERROR:aiogram.dispatcher:Failed to fetch updates - TelegramConflictError: Telegram server says - Conflict: terminated by other getUpdates request; make sure that only one bot instance is running
WARNING:aiogram.dispatcher:Sleep for 4.926121 seconds and try again... (tryings = 6, bot id = 8270254002)
ERROR:aiogram.dispatcher:Failed to fetch updates - TelegramConflictError: Telegram server says - Conflict: terminated by other getUpdates request; make sure that only one bot instance is running
WARNING:aiogram.dispatcher:Sleep for 5.204941 seconds and try again... (tryings = 7, bot id = 8270254002)
2026-09-06 08:15:35,906 INFO HTTP Request: GET http://localhost:8000/api/v1/bot-config/telegram/token "HTTP/1.1 200 OK"
2026-09-06 08:15:38,034 INFO HTTP Request: POST http://localhost:8000/api/v1/bot-config/telegram/runtime "HTTP/1.1 200 OK"
ERROR:aiogram.dispatcher:Failed to fetch updates - TelegramConflictError: Telegram server says - Conflict: terminated by other getUpdates request; make sure that only one bot instance is running
WARNING:aiogram.dispatcher:Sleep for 4.935482 seconds and try again... (tryings = 8, bot id = 8270254002)
2026-09-06 08:15:55,187 INFO HTTP Request: GET http://localhost:8000/api/v1/bot-config/telegram/token "HTTP/1.1 200 OK"
2026-09-06 08:15:57,310 INFO HTTP Request: POST http://localhost:8000/api/v1/bot-config/telegram/runtime "HTTP/1.1 200 OK"
INFO:aiogram.dispatcher:Connection established (tryings = 9, bot id = 8270254002)
2026-09-06 08:16:14,388 INFO HTTP Request: GET http://localhost:8000/api/v1/bot-config/telegram/token "HTTP/1.1 200 OK"
2026-09-06 08:16:16,498 INFO HTTP Request: POST http://localhost:8000/api/v1/bot-config/telegram/runtime "HTTP/1.1 200 OK"
2026-09-06 08:16:33,631 INFO HTTP Request: GET http://localhost:8000/api/v1/bot-config/telegram/token "HTTP/1.1 200 OK"
2026-09-06 08:16:35,728 INFO HTTP Request: POST http://localhost:8000/api/v1/bot-config/telegram/runtime "HTTP/1.1 200 OK"
2026-09-06 08:16:52,810 INFO HTTP Request: GET http://localhost:8000/api/v1/bot-config/telegram/token "HTTP/1.1 200 OK"
2026-09-06 08:16:54,944 INFO HTTP Request: POST http://localhost:8000/api/v1/bot-config/telegram/runtime "HTTP/1.1 200 OK"
2026-09-06 08:17:12,031 INFO HTTP Request: GET http://localhost:8000/api/v1/bot-config/telegram/token "HTTP/1.1 200 OK"
2026-09-06 08:17:14,166 INFO HTTP Request: POST http://localhost:8000/api/v1/bot-config/telegram/runtime "HTTP/1.1 200 OK"
2026-09-06 08:17:31,262 INFO HTTP Request: GET http://localhost:8000/api/v1/bot-config/telegram/token "HTTP/1.1 200 OK"
2026-09-06 08:17:33,370 INFO HTTP Request: POST http://localhost:8000/api/v1/bot-config/telegram/runtime "HTTP/1.1 200 OK"
2026-09-06 08:17:50,491 INFO HTTP Request: GET http://localhost:8000/api/v1/bot-config/telegram/token "HTTP/1.1 200 OK"
2026-09-06 08:17:52,668 INFO HTTP Request: POST http://localhost:8000/api/v1/bot-config/telegram/runtime "HTTP/1.1 200 OK"
ERROR:aiogram.dispatcher:Failed to fetch updates - TelegramNetworkError: HTTP Client says - ServerDisconnectedError: Server disconnected
WARNING:aiogram.dispatcher:Sleep for 1.000000 seconds and try again... (tryings = 0, bot id = 8270254002)
INFO:aiogram.dispatcher:Connection established (tryings = 1, bot id = 8270254002)
2026-09-06 08:18:09,825 INFO HTTP Request: GET http://localhost:8000/api/v1/bot-config/telegram/token "HTTP/1.1 200 OK"
2026-09-06 08:18:11,940 INFO HTTP Request: POST http://localhost:8000/api/v1/bot-config/telegram/runtime "HTTP/1.1 200 OK"
2026-09-06 08:18:29,084 INFO HTTP Request: GET http://localhost:8000/api/v1/bot-config/telegram/token "HTTP/1.1 200 OK"
2026-09-06 08:18:31,192 INFO HTTP Request: POST http://localhost:8000/api/v1/bot-config/telegram/runtime "HTTP/1.1 200 OK"
2026-09-06 08:18:48,329 INFO HTTP Request: GET http://localhost:8000/api/v1/bot-config/telegram/token "HTTP/1.1 200 OK"
2026-09-06 08:18:50,430 INFO HTTP Request: POST http://localhost:8000/api/v1/bot-config/telegram/runtime "HTTP/1.1 200 OK"
2026-09-06 08:19:07,577 INFO HTTP Request: GET http://localhost:8000/api/v1/bot-config/telegram/token "HTTP/1.1 200 OK"
2026-09-06 08:19:09,682 INFO HTTP Request: POST http://localhost:8000/api/v1/bot-config/telegram/runtime "HTTP/1.1 200 OK"
2026-09-06 08:19:26,808 INFO HTTP Request: GET http://localhost:8000/api/v1/bot-config/telegram/token "HTTP/1.1 200 OK"
2026-09-06 08:19:28,908 INFO HTTP Request: POST http://localhost:8000/api/v1/bot-config/telegram/runtime "HTTP/1.1 200 OK"
2026-09-06 08:19:46,018 INFO HTTP Request: GET http://localhost:8000/api/v1/bot-config/telegram/token "HTTP/1.1 200 OK"
2026-09-06 08:19:48,107 INFO HTTP Request: POST http://localhost:8000/api/v1/bot-config/telegram/runtime "HTTP/1.1 200 OK"
2026-09-06 08:20:05,195 INFO HTTP Request: GET http://localhost:8000/api/v1/bot-config/telegram/token "HTTP/1.1 200 OK"
2026-09-06 08:20:07,273 INFO HTTP Request: POST http://localhost:8000/api/v1/bot-config/telegram/runtime "HTTP/1.1 200 OK"
2026-09-06 08:20:24,389 INFO HTTP Request: GET http://localhost:8000/api/v1/bot-config/telegram/token "HTTP/1.1 200 OK"
2026-09-06 08:20:26,498 INFO HTTP Request: POST http://localhost:8000/api/v1/bot-config/telegram/runtime "HTTP/1.1 200 OK"
2026-09-06 08:20:43,578 INFO HTTP Request: GET http://localhost:8000/api/v1/bot-config/telegram/token "HTTP/1.1 200 OK"
2026-09-06 08:20:45,665 INFO HTTP Request: POST http://localhost:8000/api/v1/bot-config/telegram/runtime "HTTP/1.1 200 OK"
